// Jest Snapshot v1, https://goo.gl/fbAQLP

exports[`renders correctly 1`] = `
<View
  style={
    Object {
      "alignItems": "center",
      "flex": 1,
      "height": 60,
      "justifyContent": "center",
      "width": 60,
    }
  }
>
  <Image
    source={
      Object {
        "uri": "https://www.planwallpaper.com/static/images/9-credit-1.jpg",
      }
    }
    style={
      Object {
        "borderRadius": 30,
        "height": 60,
        "width": 60,
      }
    }
  />
</View>
`;
